// Jest Snapshot v1, https://goo.gl/fbAQLP

exports[`userQueries should query user 1`] = `
Object {
  "user": Object {
    "email": "mptestUser@mail.com",
  },
}
`;
